2025-05-02 21:13:47,194 - INFO - Configuration loaded successfully.
2025-05-02 21:13:47,194 - INFO - Starting data processing...
2025-05-02 21:13:55,492 - INFO - Data processing completed.
2025-05-02 21:13:55,492 - INFO - Starting feature selection...
2025-05-02 21:14:09,288 - INFO - Feature selection completed.
2025-05-02 21:14:09,289 - INFO - Starting column renaming...
2025-05-02 21:14:09,351 - INFO - Column renaming completed.
2025-05-02 21:14:09,352 - INFO - Starting outlier handling...
2025-05-02 21:14:09,463 - INFO - Outlier handling completed.
2025-05-02 21:14:09,463 - INFO - Starting prediction...
2025-05-02 21:14:09,517 - ERROR - Prediction error: The feature names should match those that were passed during fit.
Feature names must be in the same order as they were in fit.

2025-05-02 21:18:58,463 - INFO - Pipeline started.
2025-05-02 21:18:58,466 - INFO - Configuration loaded.
2025-05-02 21:18:58,466 - INFO - Starting data processing...
2025-05-02 21:19:07,248 - INFO - Data processing completed.
2025-05-02 21:19:07,248 - INFO - Starting feature selection...
2025-05-02 21:19:16,576 - INFO - Feature selection completed.
2025-05-02 21:19:16,576 - INFO - Starting column renaming...
2025-05-02 21:19:16,619 - INFO - Renamed columns: ['Sleep', 'Severity', 'Mood', 'Screener', 'Appetite', 'Psychomotor', 'Suicidality', 'Worthlessness', 'Interest', 'Energy', 'Activity', 'Concentration', 'Age']
2025-05-02 21:19:16,620 - INFO - Column renaming completed.
2025-05-02 21:19:16,620 - INFO - Starting outlier handling...
2025-05-02 21:19:16,687 - INFO - Outlier handling completed.
2025-05-02 21:19:16,688 - INFO - Starting prediction...
2025-05-02 21:19:16,727 - INFO - Model loaded from C:\Users\kau75421\OneDrive - Viavi Solutions Inc\Desktop\ML AI Reference Document\healthyfy\mobilepllc\models\final_randomforest_model.pkl.
2025-05-02 21:19:16,735 - INFO - Prediction data shape: (2924, 13)
2025-05-02 21:19:16,792 - INFO - Predictions saved to C:\Users\kau75421\OneDrive - Viavi Solutions Inc\Desktop\ML AI Reference Document\healthyfy\mobilepllc\results\predictions.csv.
2025-05-02 21:19:16,792 - INFO - Pipeline executed successfully.
